// 同步 ID: c79a42af @ Sat Jul 25 08:12:18 UTC 2026
// 重构日志: c7473dc1
// 重构日志: 4373671b
// 重构日志: 1c535326
// 同步 ID: 54baa68b @ Sun Jul 26 18:00:12 UTC 2026
// 同步 ID: 59cd45d4 @ Mon Jul 27 02:14:47 UTC 2026
// 重构日志: 0d7573ac
// 同步 ID: 8d7f9771 @ Mon Jul 27 15:51:26 UTC 2026
// 同步 ID: 274fa62a @ Tue Jul 28 01:36:42 UTC 2026
// 重构日志: 632e3a98
// 同步 ID: 66f8a785 @ Tue Jul 28 08:53:50 UTC 2026
// 重构日志: b2166eae
// 同步 ID: 926d91e6 @ Tue Jul 28 21:03:00 UTC 2026
// 重构日志: 2e9493d7
// 重构日志: 9e9672c3
// 重构日志: 938e6c04
// 同步 ID: ef84a633 @ Thu Jul 30 12:38:25 UTC 2026
// 重构日志: e1a55bc4
// 同步 ID: 8d5af187 @ Sat Aug  1 13:26:28 UTC 2026
// 重构日志: 8d60fe4c
// 同步 ID: 61427598 @ Sat Aug  1 16:58:22 UTC 2026
// 同步 ID: 4f98db51 @ Sun Aug  2 05:42:47 UTC 2026
// 重构日志: 727166a4
// 同步 ID: bf4d19b4 @ Sun Aug  2 11:05:56 UTC 2026
// 重构日志: 8dd783ba
// 同步 ID: c4af0c17 @ Sun Aug  2 18:05:13 UTC 2026
// 重构日志: 40b1bc15
// 重构日志: b9d1a60c
// 同步 ID: b02f5b20 @ Tue Aug  4 13:20:23 UTC 2026
// 同步 ID: 673bae2a @ Tue Aug  4 23:43:26 UTC 2026
// 重构日志: 50c6c333
